---
source: crates/valen-parser/tests/parser.rs
expression: "check(\"pub class Foo {}\")"
---
=== AST ===
[
    Class(
        ClassDecl {
            annotations: [],
            visibility: Pub,
            kind: Final,
            name: "Foo",
            generics: [],
            ctor_params: [],
            supertypes: [],
            derives: [],
            body: [],
            span: Span {
                start: 0,
                end: 16,
                file_id: FileId(
                    0,
                ),
            },
        },
    ),
]
=== diagnostics ===
(none)
