---
source: crates/valen-parser/tests/parser.rs
expression: "check(\"fn main() {}\")"
---
=== AST ===
[
    Fn(
        FnDecl {
            visibility: Internal,
            name: "main",
            generics: [],
            params: [],
            return_type: None,
            body: Some(
                Block {
                    stmts: [],
                    tail: None,
                    span: Span {
                        start: 10,
                        end: 12,
                        file_id: FileId(
                            0,
                        ),
                    },
                },
            ),
            span: Span {
                start: 0,
                end: 12,
                file_id: FileId(
                    0,
                ),
            },
        },
    ),
]
=== diagnostics ===
(none)
