---
source: crates/valen-parser/tests/parser.rs
assertion_line: 248
expression: "check(\"fn f() { return; }\")"
---
=== AST ===
[
    Fn(
        FnDecl {
            annotations: [],
            visibility: Internal,
            name: "f",
            generics: [],
            params: [],
            return_type: None,
            body: Some(
                Block {
                    stmts: [
                        ExprSemi(
                            Return(
                                ReturnExpr {
                                    value: None,
                                    span: Span {
                                        start: 9,
                                        end: 15,
                                        file_id: FileId(
                                            0,
                                        ),
                                    },
                                },
                            ),
                        ),
                    ],
                    tail: None,
                    span: Span {
                        start: 7,
                        end: 18,
                        file_id: FileId(
                            0,
                        ),
                    },
                },
            ),
            is_open: false,
            is_override: false,
            is_abstract: false,
            is_unsafe: false,
            is_inline: false,
            span: Span {
                start: 0,
                end: 18,
                file_id: FileId(
                    0,
                ),
            },
        },
    ),
]
=== diagnostics ===
(none)
